Build profile: -w ghc-9.6.7 -O1
In order, the following will be built (use -v for more details):
 - my-haskell-project-0.1.0.0 (test:all-tests) (first run)
 - my-haskell-project-0.1.0.0 (test:exercism-test) (first run)
 - my-haskell-project-0.1.0.0 (test:lambda-test) (first run)
Configuring test suite 'all-tests' for my-haskell-project-0.1.0.0...
Configuring test suite 'exercism-test' for my-haskell-project-0.1.0.0...
Configuring test suite 'lambda-test' for my-haskell-project-0.1.0.0...
Preprocessing test suite 'all-tests' for my-haskell-project-0.1.0.0...
Building test suite 'all-tests' for my-haskell-project-0.1.0.0...
Preprocessing test suite 'lambda-test' for my-haskell-project-0.1.0.0...
Preprocessing test suite 'exercism-test' for my-haskell-project-0.1.0.0...
Building test suite 'lambda-test' for my-haskell-project-0.1.0.0...
Building test suite 'exercism-test' for my-haskell-project-0.1.0.0...
[ 1 of 15] Compiling Exercism.AnagramTest ( test/Exercism/AnagramTest.hs, dist-newstyle/build/aarch64-osx/ghc-9.6.7/my-haskell-project-0.1.0.0/t/all-tests/build/all-tests/all-tests-tmp/Exercism/AnagramTest.o )
[ 1 of 10] Compiling Exercism.Anagram ( src/Exercism/Anagram.hs, dist-newstyle/build/aarch64-osx/ghc-9.6.7/my-haskell-project-0.1.0.0/t/exercism-test/build/exercism-test/exercism-test-tmp/Exercism/Anagram.o )
[ 1 of 17] Compiling Lambda           ( src/Lambda.hs, dist-newstyle/build/aarch64-osx/ghc-9.6.7/my-haskell-project-0.1.0.0/t/lambda-test/build/lambda-test/lambda-test-tmp/Lambda.o )
[ 2 of 10] Compiling Exercism.AnagramTest ( test/Exercism/AnagramTest.hs, dist-newstyle/build/aarch64-osx/ghc-9.6.7/my-haskell-project-0.1.0.0/t/exercism-test/build/exercism-test/exercism-test-tmp/Exercism/AnagramTest.o )
[ 2 of 17] Compiling Lambda.MiniWhile ( src/Lambda/MiniWhile.hs, dist-newstyle/build/aarch64-osx/ghc-9.6.7/my-haskell-project-0.1.0.0/t/lambda-test/build/lambda-test/lambda-test-tmp/Lambda/MiniWhile.o )
[ 2 of 15] Compiling Exercism.BobTest ( test/Exercism/BobTest.hs, dist-newstyle/build/aarch64-osx/ghc-9.6.7/my-haskell-project-0.1.0.0/t/all-tests/build/all-tests/all-tests-tmp/Exercism/BobTest.o )
[ 3 of 10] Compiling Exercism.Bob     ( src/Exercism/Bob.hs, dist-newstyle/build/aarch64-osx/ghc-9.6.7/my-haskell-project-0.1.0.0/t/exercism-test/build/exercism-test/exercism-test-tmp/Exercism/Bob.o )
[ 4 of 10] Compiling Exercism.BobTest ( test/Exercism/BobTest.hs, dist-newstyle/build/aarch64-osx/ghc-9.6.7/my-haskell-project-0.1.0.0/t/exercism-test/build/exercism-test/exercism-test-tmp/Exercism/BobTest.o )
[ 3 of 15] Compiling Exercism.PangramTest ( test/Exercism/PangramTest.hs, dist-newstyle/build/aarch64-osx/ghc-9.6.7/my-haskell-project-0.1.0.0/t/all-tests/build/all-tests/all-tests-tmp/Exercism/PangramTest.o )
[ 4 of 15] Compiling Exercism.ReverseStringTest ( test/Exercism/ReverseStringTest.hs, dist-newstyle/build/aarch64-osx/ghc-9.6.7/my-haskell-project-0.1.0.0/t/all-tests/build/all-tests/all-tests-tmp/Exercism/ReverseStringTest.o )
[ 5 of 10] Compiling Exercism.Pangram ( src/Exercism/Pangram.hs, dist-newstyle/build/aarch64-osx/ghc-9.6.7/my-haskell-project-0.1.0.0/t/exercism-test/build/exercism-test/exercism-test-tmp/Exercism/Pangram.o )
[ 6 of 10] Compiling Exercism.PangramTest ( test/Exercism/PangramTest.hs, dist-newstyle/build/aarch64-osx/ghc-9.6.7/my-haskell-project-0.1.0.0/t/exercism-test/build/exercism-test/exercism-test-tmp/Exercism/PangramTest.o )
[ 5 of 15] Compiling ExercismTest     ( test/ExercismTest.hs, dist-newstyle/build/aarch64-osx/ghc-9.6.7/my-haskell-project-0.1.0.0/t/all-tests/build/all-tests/all-tests-tmp/ExercismTest.o )
[ 6 of 15] Compiling Lambda.FunctorTestUtils ( test/Lambda/FunctorTestUtils.hs, dist-newstyle/build/aarch64-osx/ghc-9.6.7/my-haskell-project-0.1.0.0/t/all-tests/build/all-tests/all-tests-tmp/Lambda/FunctorTestUtils.o )
[ 3 of 17] Compiling Lambda.MiniWhileRepro ( test/Lambda/MiniWhileRepro.hs, dist-newstyle/build/aarch64-osx/ghc-9.6.7/my-haskell-project-0.1.0.0/t/lambda-test/build/lambda-test/lambda-test-tmp/Lambda/MiniWhileRepro.o )
[ 7 of 10] Compiling Exercism.ReverseString ( src/Exercism/ReverseString.hs, dist-newstyle/build/aarch64-osx/ghc-9.6.7/my-haskell-project-0.1.0.0/t/exercism-test/build/exercism-test/exercism-test-tmp/Exercism/ReverseString.o )
[ 4 of 17] Compiling Lambda.MiniWhileTest ( test/Lambda/MiniWhileTest.hs, dist-newstyle/build/aarch64-osx/ghc-9.6.7/my-haskell-project-0.1.0.0/t/lambda-test/build/lambda-test/lambda-test-tmp/Lambda/MiniWhileTest.o )
[ 8 of 10] Compiling Exercism.ReverseStringTest ( test/Exercism/ReverseStringTest.hs, dist-newstyle/build/aarch64-osx/ghc-9.6.7/my-haskell-project-0.1.0.0/t/exercism-test/build/exercism-test/exercism-test-tmp/Exercism/ReverseStringTest.o )
[ 7 of 15] Compiling Lambda.FunctorTest ( test/Lambda/FunctorTest.hs, dist-newstyle/build/aarch64-osx/ghc-9.6.7/my-haskell-project-0.1.0.0/t/all-tests/build/all-tests/all-tests-tmp/Lambda/FunctorTest.o )
[ 9 of 10] Compiling ExercismTest     ( test/ExercismTest.hs, dist-newstyle/build/aarch64-osx/ghc-9.6.7/my-haskell-project-0.1.0.0/t/exercism-test/build/exercism-test/exercism-test-tmp/ExercismTest.o )
[10 of 10] Compiling Main             ( test/ExercismMain.hs, dist-newstyle/build/aarch64-osx/ghc-9.6.7/my-haskell-project-0.1.0.0/t/exercism-test/build/exercism-test/exercism-test-tmp/Main.o )
[ 8 of 15] Compiling Lambda.MiniWhileTest ( test/Lambda/MiniWhileTest.hs, dist-newstyle/build/aarch64-osx/ghc-9.6.7/my-haskell-project-0.1.0.0/t/all-tests/build/all-tests/all-tests-tmp/Lambda/MiniWhileTest.o )
[ 5 of 17] Compiling Lambda.MonadTest ( test/Lambda/MonadTest.hs, dist-newstyle/build/aarch64-osx/ghc-9.6.7/my-haskell-project-0.1.0.0/t/lambda-test/build/lambda-test/lambda-test-tmp/Lambda/MonadTest.o )
[ 6 of 17] Compiling Lambda.Parser    ( src/Lambda/Parser.hs, dist-newstyle/build/aarch64-osx/ghc-9.6.7/my-haskell-project-0.1.0.0/t/lambda-test/build/lambda-test/lambda-test-tmp/Lambda/Parser.o )
[ 9 of 15] Compiling Lambda.MonadTest ( test/Lambda/MonadTest.hs, dist-newstyle/build/aarch64-osx/ghc-9.6.7/my-haskell-project-0.1.0.0/t/all-tests/build/all-tests/all-tests-tmp/Lambda/MonadTest.o )
[11 of 11] Linking dist-newstyle/build/aarch64-osx/ghc-9.6.7/my-haskell-project-0.1.0.0/t/exercism-test/build/exercism-test/exercism-test
[10 of 15] Compiling Lambda.ParserTest ( test/Lambda/ParserTest.hs, dist-newstyle/build/aarch64-osx/ghc-9.6.7/my-haskell-project-0.1.0.0/t/all-tests/build/all-tests/all-tests-tmp/Lambda/ParserTest.o )
[ 7 of 17] Compiling Lambda.ParserTest ( test/Lambda/ParserTest.hs, dist-newstyle/build/aarch64-osx/ghc-9.6.7/my-haskell-project-0.1.0.0/t/lambda-test/build/lambda-test/lambda-test-tmp/Lambda/ParserTest.o )
[11 of 15] Compiling Lambda.RandomWalkTest ( test/Lambda/RandomWalkTest.hs, dist-newstyle/build/aarch64-osx/ghc-9.6.7/my-haskell-project-0.1.0.0/t/all-tests/build/all-tests/all-tests-tmp/Lambda/RandomWalkTest.o )
[12 of 15] Compiling Lambda.StateTest ( test/Lambda/StateTest.hs, dist-newstyle/build/aarch64-osx/ghc-9.6.7/my-haskell-project-0.1.0.0/t/all-tests/build/all-tests/all-tests-tmp/Lambda/StateTest.o )
[13 of 15] Compiling Lambda.SubdistTest ( test/Lambda/SubdistTest.hs, dist-newstyle/build/aarch64-osx/ghc-9.6.7/my-haskell-project-0.1.0.0/t/all-tests/build/all-tests/all-tests-tmp/Lambda/SubdistTest.o )
[14 of 15] Compiling LambdaTest       ( test/LambdaTest.hs, dist-newstyle/build/aarch64-osx/ghc-9.6.7/my-haskell-project-0.1.0.0/t/all-tests/build/all-tests/all-tests-tmp/LambdaTest.o )
[15 of 15] Compiling Main             ( test/Main.hs, dist-newstyle/build/aarch64-osx/ghc-9.6.7/my-haskell-project-0.1.0.0/t/all-tests/build/all-tests/all-tests-tmp/Main.o )
[ 8 of 17] Compiling Lambda.State     ( src/Lambda/State.hs, dist-newstyle/build/aarch64-osx/ghc-9.6.7/my-haskell-project-0.1.0.0/t/lambda-test/build/lambda-test/lambda-test-tmp/Lambda/State.o )
[16 of 16] Linking dist-newstyle/build/aarch64-osx/ghc-9.6.7/my-haskell-project-0.1.0.0/t/all-tests/build/all-tests/all-tests
[ 9 of 17] Compiling Lambda.StateTest ( test/Lambda/StateTest.hs, dist-newstyle/build/aarch64-osx/ghc-9.6.7/my-haskell-project-0.1.0.0/t/lambda-test/build/lambda-test/lambda-test-tmp/Lambda/StateTest.o )
[10 of 17] Compiling Lambda.Subdist   ( src/Lambda/Subdist.hs, dist-newstyle/build/aarch64-osx/ghc-9.6.7/my-haskell-project-0.1.0.0/t/lambda-test/build/lambda-test/lambda-test-tmp/Lambda/Subdist.o )
[11 of 17] Compiling Lambda.Functor   ( src/Lambda/Functor.hs, dist-newstyle/build/aarch64-osx/ghc-9.6.7/my-haskell-project-0.1.0.0/t/lambda-test/build/lambda-test/lambda-test-tmp/Lambda/Functor.o )
[12 of 17] Compiling Lambda.FunctorTestUtils ( test/Lambda/FunctorTestUtils.hs, dist-newstyle/build/aarch64-osx/ghc-9.6.7/my-haskell-project-0.1.0.0/t/lambda-test/build/lambda-test/lambda-test-tmp/Lambda/FunctorTestUtils.o )
[13 of 17] Compiling Lambda.RandomWalkTest ( test/Lambda/RandomWalkTest.hs, dist-newstyle/build/aarch64-osx/ghc-9.6.7/my-haskell-project-0.1.0.0/t/lambda-test/build/lambda-test/lambda-test-tmp/Lambda/RandomWalkTest.o )
[14 of 17] Compiling Lambda.FunctorTest ( test/Lambda/FunctorTest.hs, dist-newstyle/build/aarch64-osx/ghc-9.6.7/my-haskell-project-0.1.0.0/t/lambda-test/build/lambda-test/lambda-test-tmp/Lambda/FunctorTest.o )
[15 of 17] Compiling Lambda.SubdistTest ( test/Lambda/SubdistTest.hs, dist-newstyle/build/aarch64-osx/ghc-9.6.7/my-haskell-project-0.1.0.0/t/lambda-test/build/lambda-test/lambda-test-tmp/Lambda/SubdistTest.o )
[16 of 17] Compiling LambdaTest       ( test/LambdaTest.hs, dist-newstyle/build/aarch64-osx/ghc-9.6.7/my-haskell-project-0.1.0.0/t/lambda-test/build/lambda-test/lambda-test-tmp/LambdaTest.o )
[17 of 17] Compiling Main             ( test/LambdaMain.hs, dist-newstyle/build/aarch64-osx/ghc-9.6.7/my-haskell-project-0.1.0.0/t/lambda-test/build/lambda-test/lambda-test-tmp/Main.o )
[18 of 18] Linking dist-newstyle/build/aarch64-osx/ghc-9.6.7/my-haskell-project-0.1.0.0/t/lambda-test/build/lambda-test/lambda-test
